cổng 59269 · commit bcbfbe0
chromium /root/.cache/ms-playwright/chromium-1194/chrome-linux/chrome
mảnh 3/4
0 test_anhquai.js
0 test_autofix.js
0 test_autosay.js
0 test_axie_classes.js
0 test_baifarm.js
0 test_bansac.js
0 test_bidongchiso.js
0 test_bossauto.js
0 test_bossmechanic2.js
0 test_boxrule.js
0 test_canh3bac.js
0 test_chaosanim.js
0 test_chianh.js
0 test_cl2.js
0 test_classvfx_range.js
0 test_console.js
0 test_cottruyen.js
0 test_daochoi.js
1 test_demodo.js
0 test_dibien.js
0 test_domap.js
0 test_droprate.js
0 test_elem.js
0 test_feel.js
0 test_ganchieu.js
0 test_giapvp.js
0 test_goloi.js
0 test_hero.js
0 test_hoanlai.js
0 test_hudv.js
0 test_isoneo.js
0 test_khacthan.js
0 test_khonglfs.js
0 test_khungquai.js
0 test_kynang5lop.js
0 test_lucchien.js
0 test_migration.js
0 test_mobwander.js
0 test_muigio.js
0 test_ngamchuot.js
0 test_nhanvat5.js
0 test_noimap.js
0 test_npcclean.js
0 test_npckhung.js
0 test_phutuyen.js
0 test_qablock.js
0 test_removebonds.js
0 test_rift.js
1 test_sandat.js
0 test_shots.js
0 test_skillpanel.js
0 test_stage2.js
0 test_story.js
0 test_tamgiac.js
0 test_taytuy_reload.js
0 test_thegioi.js
1 test_titlefx.js
0 test_uigothic.js
0 test_viacot.js
0 test_vongkiem.js
0 test_vutdo.js
0 test_westernize2.js
DONE
