cổng 58747 · commit bcbfbe0
chromium /root/.cache/ms-playwright/chromium-1194/chrome-linux/chrome
mảnh 2/4
0 test_amthanh.js
0 test_auditfix2.js
0 test_autopack.js
0 test_avatar.js
0 test_axiedanh.js
0 test_bangsukien.js
0 test_bayquai.js
1 test_bophan.js
0 test_bossmechanic.js
0 test_bossplace.js
1 test_canbanglop.js
0 test_chaos.js
0 test_cheat_tientrinh.js
0 test_chuoinv.js
0 test_classbalance.js
0 test_cong.js
0 test_cothu.js
0 test_danthu.js
0 test_defaultlang.js
0 test_diahinh.js
0 test_docduoc.js
0 test_dotphacleanup.js
0 test_earlygame.js
0 test_evopath.js
0 test_forgenpc.js
1 test_giapicon.js
0 test_golden.js
0 test_herbfix2.js
0 test_hethu.js
0 test_hud2.js
0 test_inv.js
0 test_itemtip.js
1 test_khoihinh.js
0 test_khungdoc.js
0 test_kuphim.js
1 test_lopdo.js
0 test_maxop.js
0 test_mobspread.js
0 test_muctieu.js
0 test_netma.js
0 test_nhanchong.js
0 test_noVoice.js
0 test_nowuxia2.js
0 test_npcclick3.js
0 test_phutdau.js
0 test_pvp.js
0 test_remove4.js
0 test_resscale.js
0 test_ruong.js
0 test_shop.js
0 test_skill_nosect.js
0 test_stage.js
0 test_statwired.js
0 test_tamdac.js
0 test_taytuy.js
0 test_thanhtg.js
0 test_tiente.js
0 test_uifix.js
0 test_vfxchieu.js
0 test_vohoc5.js
0 test_vung.js
0 test_westernize.js
0 test_xoayvfx.js
DONE
