cổng 55761 · commit bcbfbe0
chromium /root/.cache/ms-playwright/chromium-1194/chrome-linux/chrome
mảnh 1/4
0 test_5class.js
0 test_audio_vfx.js
0 test_autofix2_dungeon.js
0 test_avaphanung.js
0 test_axie_regions.js
1 test_bandonho.js
0 test_baydat.js
0 test_bonho.js
0 test_bossimgs.js
0 test_bossmoves2.js
0 test_bugfixes.js
0 test_cayky.js
0 test_chat.js
0 test_choithu.js
0 test_cl4.js
0 test_compass.js
0 test_cotgobo.js
0 test_cultremoval.js
0 test_deepfix.js
0 test_dgnhud.js
0 test_dmgnum.js
0 test_dot4.js
0 test_dungeontimer.js
0 test_eqdoll.js
0 test_forge911.js
1 test_geartier.js
0 test_goimr.js
0 test_herbfix.js
0 test_hethong.js
0 test_hud.js
1 test_huongnhin.js
0 test_itemdb.js
0 test_kho.js
1 test_khungchay.js
1 test_kubanner.js
0 test_lokhac.js
0 test_mastery.js
0 test_moblevels.js
0 test_mrdong.js
0 test_narrow.js
0 test_nhacnen.js
0 test_nhipcap.js
0 test_nopet.js
0 test_npcclick2.js
0 test_pconly.js
0 test_points.js
0 test_regionlore.js
0 test_reset.js
0 test_ruiro.js
0 test_sets.js
0 test_skill3.js
0 test_spawnvfx_shot.js
0 test_statrework.js
0 test_taitro.js
0 test_tanthu.js
0 test_thanhcum.js
0 test_tiemnang.js
0 test_uidot5.js
0 test_vatcan.js
1 test_vklop.js
0 test_vukhitren.js
0 test_waypoint.js
0 test_wsnho.js
DONE
