cổng 49667 · commit bcbfbe0
chromium /root/.cache/ms-playwright/chromium-1194/chrome-linux/chrome
mảnh 4/4
0 test_anim.js
0 test_autofix2.js
0 test_avachon.js
0 test_axie_i18n.js
0 test_banbe.js
1 test_baycanh.js
0 test_bongnguoi.js
0 test_bosshunt.js
0 test_bossmoves.js
0 test_boxthrow.js
0 test_capnha.js
0 test_chaosmachine.js
0 test_chiso4.js
0 test_cl3.js
0 test_combatlog.js
0 test_consumicon.js
0 test_create.js
0 test_daythan.js
0 test_depthua.js
0 test_dichen.js
0 test_dongbodo.js
0 test_dungeon2.js
0 test_epngoc.js
0 test_flinch.js
1 test_gearlook.js
0 test_gohe6.js
0 test_groundloot.js
1 test_herosprite.js
0 test_hopve.js
0 test_huongdan.js
0 test_itemcompare.js
0 test_kheuoc.js
0 test_khungbang.js
0 test_killrewards.js
0 test_loira.js
0 test_lvpower.js
0 test_mobbalance.js
0 test_motiffx.js
0 test_muothinh.js
0 test_ngoccanh.js
0 test_nhiemvu.js
0 test_nomove.js
0 test_npcclick.js
0 test_obstacles.js
1 test_plusglow.js
0 test_quickstat.js
0 test_renxit.js
0 test_rollrules.js
0 test_savever.js
0 test_sidequests_after.js
0 test_skillvfx.js
0 test_stage2b.js
0 test_tabnaming.js
0 test_tamphap.js
0 test_thanhchien.js
0 test_thucung.js
0 test_tuyetchieu.js
0 test_uxdo.js
1 test_vkbo.js
0 test_vukhihien.js
0 test_walkrun.js
0 test_wipe.js
DONE
